// Jest Snapshot v1, https://goo.gl/fbAQLP

exports[`Pruebas en <HomeScreen /> Debe mostrar el componente correctamente 1`] = `
<div>
  <h1>
    HomeScreen
  </h1>
  <hr />
  <pre>
    {
   "name": "ElElliot",
   "email": "elCorreo@gmail.varita"
}
  </pre>
</div>
`;
